LEFT_PAREN ( null
RIGHT_PAREN ) null
LEFT_BRACE { null
RIGHT_BRACE } null
COMMA , null
DOT . null
PLUS + null
MINUS - null
STAR * null
SLASH / null
SEMI_COLON ; null
AMPERSANDS && null
VERTS || null
REMAINDER % null
BANG ! null
BANG_EQUAL != null
EQUAL = null
EQUAL_EQUAL == null
LESS < null
LESS_EQUAL <= null
GREATER > null
GREATER_EQUAL >= null
NUMBER 123 123.0
STRING "hello" hello
IDENTIFIER identifier null
CLASS class null
ELSE else null
FALSE false null
FOR for null
IF if null
NIL nil null
RETURN return null
TRUE true null
WHILE while null
EOF  null
