CLASS class null
IDENTIFIER Foo null
LEFT_BRACE { null
RETURN return null
TRUE true null
SEMI_COLON ; null
IF if null
LEFT_PAREN ( null
IDENTIFIER x null
GREATER_EQUAL >= null
NUMBER 10 10.0
RIGHT_PAREN ) null
LEFT_BRACE { null
IDENTIFIER x null
EQUAL = null
IDENTIFIER x null
PLUS + null
NUMBER 1 1.0
SEMI_COLON ; null
RIGHT_BRACE } null
ELSE else null
LEFT_BRACE { null
IDENTIFIER x null
EQUAL = null
IDENTIFIER x null
MINUS - null
NUMBER 1 1.0
SEMI_COLON ; null
RIGHT_BRACE } null
RETURN return null
STRING "done" done
SEMI_COLON ; null
RIGHT_BRACE } null
EOF  null
