[line 1] Error: Unexpected Character.
[line 2] Error: Unexpected Character.
[line 3] Error: Unexpected '&'. Did you mean '&&'?
[line 4] Error: Unexpected Character.
[line 5] Error: Unexpected Character.
[line 6] Error: Unexpected '|'. Did you mean '||'?
[line 7] Error: Unexpected Character.
[line 8] Error: Unexpected Character.
[line 9] Error: Unexpected Character.
EOF  null
